\BOOKMARK [1][-]{section.1}{\376\377\175\322\212\000}{}% 1
\BOOKMARK [2][-]{subsection.1.1}{\376\377\000A\000I\000\040\000f\000o\000r\000\040\000S\000c\000i\000e\000n\000c\000e\060\150\147\120\145\231\060\244\060\363\060\325\060\251\060\336\060\306\060\243\060\257\060\271\060\153\060\112\060\121\060\213\060\307\060\374\060\277\060\242\060\257\060\273\060\271\226\234\130\301}{section.1}% 2
\BOOKMARK [2][-]{subsection.1.2}{\376\377\000T\000e\000x\000t\000-\000t\000o\000-\000S\000Q\000L\060\156\142\200\210\123\122\325\124\021}{section.1}% 3
\BOOKMARK [2][-]{subsection.1.3}{\376\377\147\120\145\231\060\244\060\363\060\325\060\251\060\336\060\306\060\243\060\257\060\271\060\153\060\112\060\121\060\213\000N\000L\000P}{section.1}% 4
\BOOKMARK [2][-]{subsection.1.4}{\376\377\060\252\060\363\060\310\060\355\060\270\060\374\060\373\167\345\213\130\060\260\060\351\060\325\060\242\060\327\060\355\060\374\060\301\060\150\060\156\225\242\220\043}{section.1}% 5
\BOOKMARK [2][-]{subsection.1.5}{\376\377\166\356\166\204\060\150\145\260\211\217\140\047}{section.1}% 6
\BOOKMARK [1][-]{section.2}{\376\377\147\120\145\231\000T\000e\000x\000t\000-\000t\000o\000-\000S\000Q\000L\060\156\212\055\212\010\211\201\116\366}{}% 7
\BOOKMARK [1][-]{section.3}{\376\377\142\113\154\325}{}% 8
\BOOKMARK [2][-]{subsection.3.1}{\376\377\147\120\145\231\060\307\060\374\060\277\060\156\060\137\060\201\060\156\060\307\060\374\060\277\060\331\060\374\060\271\060\271\060\255\060\374\060\336\212\055\212\010}{section.3}% 9
\BOOKMARK [3][-]{subsubsection.3.1.1}{\376\377\000O\000Q\000M\000D\060\307\060\374\060\277\060\156\153\143\211\217\123\026\060\271\060\255\060\374\060\336\212\055\212\010}{subsection.3.1}% 10
\BOOKMARK [3][-]{subsubsection.3.1.2}{\376\377\000R\000A\000G\060\263\060\363\060\306\060\255\060\271\060\310\154\350\121\145\060\156\060\137\060\201\060\156\000X\000M\000L\000/\000Y\000A\000M\000L\210\150\163\376}{subsection.3.1}% 11
\BOOKMARK [2][-]{subsection.3.2}{\376\377\147\120\145\231\165\050\212\236\217\236\146\370\060\222\120\231\060\110\060\137\147\141\116\366\142\275\121\372\126\150}{section.3}% 12
\BOOKMARK [3][-]{subsubsection.3.2.1}{\376\377\217\236\146\370\151\313\220\040}{subsection.3.2}% 13
\BOOKMARK [3][-]{subsubsection.3.2.2}{\376\377\000U\000n\000i\000c\000o\000d\000e\153\143\211\217\123\026\060\150\060\321\060\277\060\374\060\363\060\336\060\303\060\301\060\363\060\260}{subsection.3.2}% 14
\BOOKMARK [3][-]{subsubsection.3.2.3}{\376\377\121\372\122\233\137\142\137\017}{subsection.3.2}% 15
\BOOKMARK [3][-]{subsubsection.3.2.4}{\376\377\145\160\120\044\147\141\116\366\060\321\060\374\060\265\060\374}{subsection.3.2}% 16
\BOOKMARK [3][-]{subsubsection.3.2.5}{\376\377\123\026\133\146\137\017\060\321\060\374\060\265\060\374\060\150\146\326\146\047\140\047\121\346\164\006}{subsection.3.2}% 17
\BOOKMARK [3][-]{subsubsection.3.2.6}{\376\377\000C\000o\000v\000e\000r\000a\000g\000e\000\040\000S\000c\000o\000r\000e\377\032\147\052\212\215\213\130\212\236\137\131\151\034\121\372}{subsection.3.2}% 18
\BOOKMARK [3][-]{subsubsection.3.2.7}{\376\377\000I\000n\000t\000e\000n\000t\000\040\000C\000l\000a\000s\000s\000i\000f\000i\000e\000r\377\032\060\271\060\263\060\374\060\327\131\026\214\352\125\117\060\156\116\213\122\115\143\222\226\144}{subsection.3.2}% 19
\BOOKMARK [2][-]{subsection.3.3}{\376\377\000S\000c\000h\000e\000m\000a\000\040\000G\000r\000a\000p\000h\215\160\147\373\060\250\060\363\060\270\060\363}{section.3}% 20
\BOOKMARK [3][-]{subsubsection.3.3.1}{\376\377\000P\000o\000s\000t\000g\000r\000e\000S\000Q\000L\060\341\060\277\060\307\060\374\060\277\060\113\060\211\060\156\060\260\060\351\060\325\151\313\173\311}{subsection.3.3}% 21
\BOOKMARK [3][-]{subsubsection.3.3.2}{\376\377\147\000\134\017\210\253\211\206\000J\000O\000I\000N\175\114\215\357\377\032\000S\000t\000e\000i\000n\000e\000r\147\050\217\321\117\074}{subsection.3.3}% 22
\BOOKMARK [3][-]{subsubsection.3.3.3}{\376\377\000J\000O\000I\000N\175\114\215\357\000\040\000\040\000S\000Q\000L\000\040\000F\000R\000O\000M\000/\000J\000O\000I\000N\123\345\165\037\142\020}{subsection.3.3}% 23
\BOOKMARK [3][-]{subsubsection.3.3.4}{\376\377\131\032\121\103\175\040\000A\000N\000D\060\257\060\250\060\352\377\032\000E\000X\000I\000S\000T\000S\122\157\125\117\060\104\124\010\060\217\060\133\060\321\060\277\060\374\060\363}{subsection.3.3}% 24
\BOOKMARK [3][-]{subsubsection.3.3.5}{\376\377\153\324\217\003\377\032\000N\000a\000i\000v\000e\000\040\000v\000s\000.\000\040\000S\000c\000h\000e\000m\000a\000\040\000G\000r\000a\000p\000h\377\010\121\167\117\123\117\213\377\011}{subsection.3.3}% 25
\BOOKMARK [2][-]{subsection.3.4}{\376\377\000S\000Q\000L\165\037\142\020\377\032\000R\000u\000l\000e\000-\000b\000a\000s\000e\000d\060\342\060\374\060\311\060\150\000L\000L\000M\060\342\060\374\060\311}{section.3}% 26
\BOOKMARK [3][-]{subsubsection.3.4.1}{\376\377\000R\000u\000l\000e\000-\000b\000a\000s\000e\000d\060\342\060\374\060\311\377\010\000L\000e\000v\000e\000l\000\040\0001\377\011}{subsection.3.4}% 27
\BOOKMARK [3][-]{subsubsection.3.4.2}{\376\377\000F\000e\000w\000-\000S\000h\000o\000t\000\040\000R\000A\000G\060\222\120\231\060\110\060\137\000L\000L\000M\060\342\060\374\060\311\377\010\000L\000e\000v\000e\000l\000\040\0002\377\011}{subsection.3.4}% 28
\BOOKMARK [2][-]{subsection.3.5}{\376\377\000F\000e\000w\000-\000S\000h\000o\000t\000\040\000R\000A\000G\060\271\060\310\060\242\377\010\000S\000Q\000L\000-\000a\000s\000-\000F\000e\000w\000-\000S\000h\000o\000t\000-\000E\000x\000a\000m\000p\000l\000e\000s\377\011}{section.3}% 29
\BOOKMARK [3][-]{subsubsection.3.5.1}{\376\377\060\242\060\374\060\255\060\306\060\257\060\301\060\343}{subsection.3.5}% 30
\BOOKMARK [3][-]{subsubsection.3.5.2}{\376\377\147\120\145\231\060\257\060\250\060\352\060\156\060\137\060\201\060\156\000T\000F\000-\000I\000D\000F\060\310\060\374\060\257\060\312\060\244\060\274\060\374\060\267\060\347\060\363}{subsection.3.5}% 31
\BOOKMARK [3][-]{subsubsection.3.5.3}{\376\377\170\024\172\166\212\326\145\207\060\113\060\211\060\156\172\056\116\213\117\213\142\275\121\372}{subsection.3.5}% 32
\BOOKMARK [2][-]{subsection.3.6}{\376\377\000S\000Q\000L\060\254\060\374\060\311\377\032\131\032\134\144\133\211\121\150\140\047\151\034\212\074}{section.3}% 33
\BOOKMARK [3][-]{subsubsection.3.6.1}{\376\377\127\372\147\054\133\211\121\150\140\047\151\034\212\074\377\010\134\144\0001\040\023\0005\377\011}{subsection.3.6}% 34
\BOOKMARK [3][-]{subsubsection.3.6.2}{\376\377\060\253\060\351\060\340\060\333\060\357\060\244\060\310\060\352\060\271\060\310\151\034\212\074\377\010\134\144\0006\377\011}{subsection.3.6}% 35
\BOOKMARK [3][-]{subsubsection.3.6.3}{\376\377\000F\000K\145\164\124\010\000J\000O\000I\000N\151\034\212\074\377\010\134\144\0007\377\011}{subsection.3.6}% 36
\BOOKMARK [3][-]{subsubsection.3.6.4}{\376\377\060\254\060\374\060\311\122\044\133\232\122\006\230\136\377\010\134\144\0008\377\011}{subsection.3.6}% 37
\BOOKMARK [2][-]{subsection.3.7}{\376\377\143\250\131\150\220\113\165\050\151\313\142\020\377\032\060\253\060\271\060\261\060\374\060\311\060\342\060\374\060\311}{section.3}% 38
\BOOKMARK [1][-]{section.4}{\376\377\060\307\060\374\060\277\156\226\120\231}{}% 39
\BOOKMARK [2][-]{subsection.4.1}{\376\377\151\034\212\074\060\307\060\374\060\277\060\331\060\374\060\271\060\150\060\127\060\146\060\156\000L\0001\0002\127\213\221\321\134\136\225\223\123\026\124\010\162\151}{section.4}% 40
\BOOKMARK [2][-]{subsection.4.2}{\376\377\000E\000R\212\055\212\010\060\156\150\071\142\340\377\032\060\325\060\351\060\303\060\310\060\307\060\374\060\277\060\113\060\211\153\143\211\217\123\026\000R\000D\000B\060\170}{section.4}% 41
\BOOKMARK [2][-]{subsection.4.3}{\376\377\060\307\060\374\060\277\142\225\121\145\060\150\131\011\143\333}{section.4}% 42
\BOOKMARK [1][-]{section.5}{\376\377\175\120\147\234}{}% 43
\BOOKMARK [2][-]{subsection.5.1}{\376\377\212\125\117\241\212\055\212\010}{section.5}% 44
\BOOKMARK [3][-]{subsubsection.5.1.1}{\376\377\212\125\117\241\060\307\060\374\060\277\060\273\060\303\060\310\377\010\0001\0000\0000\060\257\060\250\060\352\377\011}{subsection.5.1}% 45
\BOOKMARK [3][-]{subsubsection.5.1.2}{\376\377\153\324\217\003\142\113\154\325\377\010\0005\142\113\154\325\377\011}{subsection.5.1}% 46
\BOOKMARK [3][-]{subsubsection.5.1.3}{\376\377\212\125\117\241\143\007\152\031}{subsection.5.1}% 47
\BOOKMARK [3][-]{subsubsection.5.1.4}{\376\377\212\125\117\241\143\007\152\031\060\156\145\071\125\204\377\032\121\161\220\032\060\253\060\351\060\340\161\147\124\010\060\150\000L\000I\000M\000I\000T\153\143\211\217\123\026}{subsection.5.1}% 48
\BOOKMARK [3][-]{subsubsection.5.1.5}{\376\377\126\336\136\060\060\306\060\271\060\310\377\010\0008\0000\116\366\377\011}{subsection.5.1}% 49
\BOOKMARK [2][-]{subsection.5.2}{\376\377\0005\142\113\154\325\060\331\060\374\060\271\060\351\060\244\060\363\153\324\217\003}{section.5}% 50
\BOOKMARK [2][-]{subsection.5.3}{\376\377\226\343\146\023\136\246\122\045\060\156\212\163\175\060\122\006\147\220}{section.5}% 51
\BOOKMARK [3][-]{subsubsection.5.3.1}{\376\377\060\354\060\244\060\306\060\363\060\267\153\324\217\003}{subsection.5.3}% 52
\BOOKMARK [2][-]{subsection.5.4}{\376\377\060\336\060\353\060\301\060\333\060\303\060\327\060\257\060\250\060\352\122\006\147\220}{section.5}% 53
\BOOKMARK [2][-]{subsection.5.5}{\376\377\060\250\060\351\060\374\122\006\147\220}{section.5}% 54
\BOOKMARK [2][-]{subsection.5.6}{\376\377\000S\000Q\000L\060\244\060\363\060\270\060\247\060\257\060\267\060\347\060\363\060\150\133\211\121\150\140\047\175\120\147\234}{section.5}% 55
\BOOKMARK [2][-]{subsection.5.7}{\376\377\147\120\145\231\135\345\133\146\166\204\212\125\117\241}{section.5}% 56
\BOOKMARK [3][-]{subsubsection.5.7.1}{\376\377\145\342\167\345\000L\0001\0002\123\026\124\010\162\151\060\156\121\215\166\172\211\213}{subsection.5.7}% 57
\BOOKMARK [3][-]{subsubsection.5.7.2}{\376\377\000'\166\370\120\031\210\334\060\351\060\363\060\255\060\363\060\260}{subsection.5.7}% 58
\BOOKMARK [3][-]{subsubsection.5.7.3}{\376\377\000N\000i\0003\000A\000l\217\321\120\215\150\074\133\120\133\232\145\160\120\031\210\334}{subsection.5.7}% 59
\BOOKMARK [3][-]{subsubsection.5.7.4}{\376\377\133\211\133\232\000L\0001\0002\120\031\210\334\060\156\142\275\121\372}{subsection.5.7}% 60
\BOOKMARK [3][-]{subsubsection.5.7.5}{\376\377\147\120\145\231\212\055\212\010\116\356\212\254\060\156\165\037\142\020}{subsection.5.7}% 61
\BOOKMARK [1][-]{section.6}{\376\377\200\003\133\337}{}% 62
\BOOKMARK [2][-]{subsection.6.1}{\376\377\000S\000c\000h\000e\000m\000a\000\040\000G\000r\000a\000p\000h\122\066\175\004\060\156\147\011\122\271\140\047}{section.6}% 63
\BOOKMARK [2][-]{subsection.6.2}{\376\377\147\120\145\231\135\345\133\146\166\204\200\003\133\337}{section.6}% 64
\BOOKMARK [3][-]{subsubsection.6.2.1}{\376\377\145\342\167\345\123\026\124\010\162\151\060\156\133\214\121\150\121\215\166\172\211\213}{subsection.6.2}% 65
\BOOKMARK [3][-]{subsubsection.6.2.2}{\376\377\000'\120\031\210\334\060\156\147\120\145\231\135\345\133\146\166\204\131\245\137\123\140\047}{subsection.6.2}% 66
\BOOKMARK [2][-]{subsection.6.3}{\376\377\226\120\165\114\060\150\122\066\175\004}{section.6}% 67
\BOOKMARK [3][-]{subsubsection.6.3.1}{\376\377\060\307\060\374\060\277\060\331\060\374\060\271\211\217\152\041}{subsection.6.3}% 68
\BOOKMARK [3][-]{subsubsection.6.3.2}{\376\377\060\306\060\271\060\310\060\261\060\374\060\271\060\156\201\352\135\361\123\302\161\147\140\047}{subsection.6.3}% 69
\BOOKMARK [3][-]{subsubsection.6.3.3}{\376\377\133\237\210\114\174\276\136\246\060\156\226\343\146\023\136\246\117\235\133\130\140\047}{subsection.6.3}% 70
\BOOKMARK [3][-]{subsubsection.6.3.4}{\376\377\000s\000e\000e\000d\000\040\000d\000a\000t\000a\060\320\060\244\060\242\060\271}{subsection.6.3}% 71
\BOOKMARK [2][-]{subsection.6.4}{\376\377\225\242\220\043\060\267\060\271\060\306\060\340\060\150\060\156\153\324\217\003}{section.6}% 72
\BOOKMARK [2][-]{subsection.6.5}{\376\377\000A\000I\000\040\000f\000o\000r\000\040\000S\000c\000i\000e\000n\000c\000e\377\010\000A\000I\0004\000S\377\011\060\153\060\112\060\121\060\213\141\017\177\251}{section.6}% 73
\BOOKMARK [2][-]{subsection.6.6}{\376\377\116\312\137\214\060\156\134\125\147\033}{section.6}% 74
\BOOKMARK [1][-]{section.7}{\376\377\175\120\212\326}{}% 75
\BOOKMARK [1][-]{appendix.1.A}{\376\377\126\336\136\060\060\306\060\271\060\310\060\261\060\374\060\271\116\000\211\247}{}% 76
\BOOKMARK [1][-]{appendix.1.B}{\376\377\165\037\142\020\000S\000Q\000L\117\213}{}% 77
\BOOKMARK [2][-]{subsection.1.B.1}{\376\377\060\014\000N\000i\060\222\124\053\060\200\133\211\133\232\060\152\000L\0001\0002\123\026\124\010\162\151\060\222\121\372\060\127\060\146\060\015}{appendix.1.B}% 78
\BOOKMARK [2][-]{subsection.1.B.2}{\376\377\060\014\000N\000i\060\150\000A\000l\060\156\116\041\145\271\060\222\124\053\060\200\000L\0001\0002\123\026\124\010\162\151\060\222\121\372\060\127\060\146\060\015}{appendix.1.B}% 79
